# serializer version: 1
# name: test_annotate_sentence_sentiment
  list([
    '|POSITIVE:0.866|',
    '|NEUTRAL:0.963|',
  ])
# ---
