# serializer version: 1
# name: test_issue_10
  '|NEUTRAL:0.931|POSITIVE:0.700|NEGATIVE:0.743|'
# ---
