# serializer version: 1
# name: test_annotate_sentence_sentiment
  list([
    '|POSITIVE:0.9|',
    '|NEUTRAL:1.0|',
    '|NEGATIVE:0.7|',
  ])
# ---
